SQL> select * from emp;

     EMPNO ENAME      JOB              MGR HIREDATE         SAL       COMM      
---------- ---------- --------- ---------- --------- ---------- ----------      
    DEPTNO                                                                      
----------                                                                      
      7369 SMITH      CLERK           7902 17-DEC-80        800                 
        20                                                                      
                                                                                
      7499 ALLEN      SALESMAN        7698 20-FEB-81       1600        300      
        30                                                                      
                                                                                
      7521 WARD       SALESMAN        7698 22-FEB-81       1250        500      
        30                                                                      
                                                                                

     EMPNO ENAME      JOB              MGR HIREDATE         SAL       COMM      
---------- ---------- --------- ---------- --------- ---------- ----------      
    DEPTNO                                                                      
----------                                                                      
      7566 JONES      MANAGER         7839 02-APR-81       2975                 
        20                                                                      
                                                                                
      7654 MARTIN     SALESMAN        7698 28-SEP-81       1250       1400      
        30                                                                      
                                                                                
      7698 BLAKE      MANAGER         7839 01-MAY-81       2850                 
        30                                                                      
                                                                                

     EMPNO ENAME      JOB              MGR HIREDATE         SAL       COMM      
---------- ---------- --------- ---------- --------- ---------- ----------      
    DEPTNO                                                                      
----------                                                                      
      7782 CLARK      MANAGER         7839 09-JUN-81       2450                 
        10                                                                      
                                                                                
      7788 SCOTT      ANALYST         7566 19-APR-87       3000                 
        20                                                                      
                                                                                
      7839 KING       PRESIDENT            17-NOV-81       5000                 
        10                                                                      
                                                                                

     EMPNO ENAME      JOB              MGR HIREDATE         SAL       COMM      
---------- ---------- --------- ---------- --------- ---------- ----------      
    DEPTNO                                                                      
----------                                                                      
      7844 TURNER     SALESMAN        7698 08-SEP-81       1500          0      
        30                                                                      
                                                                                
      7876 ADAMS      CLERK           7788 23-MAY-87       1100                 
        20                                                                      
                                                                                
      7900 JAMES      CLERK           7698 03-DEC-81        950                 
        30                                                                      
                                                                                

     EMPNO ENAME      JOB              MGR HIREDATE         SAL       COMM      
---------- ---------- --------- ---------- --------- ---------- ----------      
    DEPTNO                                                                      
----------                                                                      
      7902 FORD       ANALYST         7566 03-DEC-81       3000                 
        20                                                                      
                                                                                
      7934 MILLER     CLERK           7782 23-JAN-82       1300                 
        10                                                                      
                                                                                

14 rows selected.

SQL> set lines 100 pages 100;
SQL> select * from emp;

     EMPNO ENAME      JOB              MGR HIREDATE         SAL       COMM     DEPTNO               
---------- ---------- --------- ---------- --------- ---------- ---------- ----------               
      7369 SMITH      CLERK           7902 17-DEC-80        800                    20               
      7499 ALLEN      SALESMAN        7698 20-FEB-81       1600        300         30               
      7521 WARD       SALESMAN        7698 22-FEB-81       1250        500         30               
      7566 JONES      MANAGER         7839 02-APR-81       2975                    20               
      7654 MARTIN     SALESMAN        7698 28-SEP-81       1250       1400         30               
      7698 BLAKE      MANAGER         7839 01-MAY-81       2850                    30               
      7782 CLARK      MANAGER         7839 09-JUN-81       2450                    10               
      7788 SCOTT      ANALYST         7566 19-APR-87       3000                    20               
      7839 KING       PRESIDENT            17-NOV-81       5000                    10               
      7844 TURNER     SALESMAN        7698 08-SEP-81       1500          0         30               
      7876 ADAMS      CLERK           7788 23-MAY-87       1100                    20               
      7900 JAMES      CLERK           7698 03-DEC-81        950                    30               
      7902 FORD       ANALYST         7566 03-DEC-81       3000                    20               
      7934 MILLER     CLERK           7782 23-JAN-82       1300                    10               

14 rows selected.

SQL> select ename , sal from emp;

ENAME             SAL                                                                               
---------- ----------                                                                               
SMITH             800                                                                               
ALLEN            1600                                                                               
WARD             1250                                                                               
JONES            2975                                                                               
MARTIN           1250                                                                               
BLAKE            2850                                                                               
CLARK            2450                                                                               
SCOTT            3000                                                                               
KING             5000                                                                               
TURNER           1500                                                                               
ADAMS            1100                                                                               
JAMES             950                                                                               
FORD             3000                                                                               
MILLER           1300                                                                               

14 rows selected.

SQL> ed
Wrote file afiedt.buf

  1* select ename , deptno from emp
SQL> /

ENAME          DEPTNO                                                                               
---------- ----------                                                                               
SMITH              20                                                                               
ALLEN              30                                                                               
WARD               30                                                                               
JONES              20                                                                               
MARTIN             30                                                                               
BLAKE              30                                                                               
CLARK              10                                                                               
SCOTT              20                                                                               
KING               10                                                                               
TURNER             30                                                                               
ADAMS              20                                                                               
JAMES              30                                                                               
FORD               20                                                                               
MILLER             10                                                                               

14 rows selected.

SQL> ed
Wrote file afiedt.buf

  1* select ename , job from emp
SQL> /

ENAME      JOB                                                                                      
---------- ---------                                                                                
SMITH      CLERK                                                                                    
ALLEN      SALESMAN                                                                                 
WARD       SALESMAN                                                                                 
JONES      MANAGER                                                                                  
MARTIN     SALESMAN                                                                                 
BLAKE      MANAGER                                                                                  
CLARK      MANAGER                                                                                  
SCOTT      ANALYST                                                                                  
KING       PRESIDENT                                                                                
TURNER     SALESMAN                                                                                 
ADAMS      CLERK                                                                                    
JAMES      CLERK                                                                                    
FORD       ANALYST                                                                                  
MILLER     CLERK                                                                                    

14 rows selected.

SQL> ed
Wrote file afiedt.buf

  1* select  job from emp
SQL> /

JOB                                                                                                 
---------                                                                                           
CLERK                                                                                               
SALESMAN                                                                                            
SALESMAN                                                                                            
MANAGER                                                                                             
SALESMAN                                                                                            
MANAGER                                                                                             
MANAGER                                                                                             
ANALYST                                                                                             
PRESIDENT                                                                                           
SALESMAN                                                                                            
CLERK                                                                                               
CLERK                                                                                               
ANALYST                                                                                             
CLERK                                                                                               

14 rows selected.

SQL> ed
Wrote file afiedt.buf

  1* select  empid,ename from emp
SQL> /
select  empid,ename from emp
        *
ERROR at line 1:
ORA-00904: "EMPID": invalid identifier 


SQL> ed
Wrote file afiedt.buf

  1* select  empno,ename from emp
SQL> /

     EMPNO ENAME                                                                                    
---------- ----------                                                                               
      7369 SMITH                                                                                    
      7499 ALLEN                                                                                    
      7521 WARD                                                                                     
      7566 JONES                                                                                    
      7654 MARTIN                                                                                   
      7698 BLAKE                                                                                    
      7782 CLARK                                                                                    
      7788 SCOTT                                                                                    
      7839 KING                                                                                     
      7844 TURNER                                                                                   
      7876 ADAMS                                                                                    
      7900 JAMES                                                                                    
      7902 FORD                                                                                     
      7934 MILLER                                                                                   

14 rows selected.

SQL> ed
Wrote file afiedt.buf

  1* select  ename ,job from emp
SQL> /

ENAME      JOB                                                                                      
---------- ---------                                                                                
SMITH      CLERK                                                                                    
ALLEN      SALESMAN                                                                                 
WARD       SALESMAN                                                                                 
JONES      MANAGER                                                                                  
MARTIN     SALESMAN                                                                                 
BLAKE      MANAGER                                                                                  
CLARK      MANAGER                                                                                  
SCOTT      ANALYST                                                                                  
KING       PRESIDENT                                                                                
TURNER     SALESMAN                                                                                 
ADAMS      CLERK                                                                                    
JAMES      CLERK                                                                                    
FORD       ANALYST                                                                                  
MILLER     CLERK                                                                                    

14 rows selected.

SQL> ed
Wrote file afiedt.buf

  1* select  ename ,sal from emp
SQL> /

ENAME             SAL                                                                               
---------- ----------                                                                               
SMITH             800                                                                               
ALLEN            1600                                                                               
WARD             1250                                                                               
JONES            2975                                                                               
MARTIN           1250                                                                               
BLAKE            2850                                                                               
CLARK            2450                                                                               
SCOTT            3000                                                                               
KING             5000                                                                               
TURNER           1500                                                                               
ADAMS            1100                                                                               
JAMES             950                                                                               
FORD             3000                                                                               
MILLER           1300                                                                               

14 rows selected.

SQL> ed
Wrote file afiedt.buf

  1* select  sal*12,ename as name from emp
SQL> /

    SAL*12 NAME                                                                                     
---------- ----------                                                                               
      9600 SMITH                                                                                    
     19200 ALLEN                                                                                    
     15000 WARD                                                                                     
     35700 JONES                                                                                    
     15000 MARTIN                                                                                   
     34200 BLAKE                                                                                    
     29400 CLARK                                                                                    
     36000 SCOTT                                                                                    
     60000 KING                                                                                     
     18000 TURNER                                                                                   
     13200 ADAMS                                                                                    
     11400 JAMES                                                                                    
     36000 FORD                                                                                     
     15600 MILLER                                                                                   

14 rows selected.

SQL> ed
Wrote file afiedt.buf

  1* select  sal*12 as annual_sal,sal*6 as half_term_sal,ename as name from emp
SQL> /

ANNUAL_SAL HALF_TERM_SAL NAME                                                                       
---------- ------------- ----------                                                                 
      9600          4800 SMITH                                                                      
     19200          9600 ALLEN                                                                      
     15000          7500 WARD                                                                       
     35700         17850 JONES                                                                      
     15000          7500 MARTIN                                                                     
     34200         17100 BLAKE                                                                      
     29400         14700 CLARK                                                                      
     36000         18000 SCOTT                                                                      
     60000         30000 KING                                                                       
     18000          9000 TURNER                                                                     
     13200          6600 ADAMS                                                                      
     11400          5700 JAMES                                                                      
     36000         18000 FORD                                                                       
     15600          7800 MILLER                                                                     

14 rows selected.

SQL> ed
Wrote file afiedt.buf

  1* select  ename ,sal+(0.15*sal) from emp
SQL> /

ENAME      SAL+(0.15*SAL)                                                                           
---------- --------------                                                                           
SMITH                 920                                                                           
ALLEN                1840                                                                           
WARD               1437.5                                                                           
JONES             3421.25                                                                           
MARTIN             1437.5                                                                           
BLAKE              3277.5                                                                           
CLARK              2817.5                                                                           
SCOTT                3450                                                                           
KING                 5750                                                                           
TURNER               1725                                                                           
ADAMS                1265                                                                           
JAMES              1092.5                                                                           
FORD                 3450                                                                           
MILLER               1495                                                                           

14 rows selected.

SQL> ed
Wrote file afiedt.buf

  1* select  ename ,sal-(0.19*sal) from emp
SQL> /

ENAME      SAL-(0.19*SAL)                                                                           
---------- --------------                                                                           
SMITH                 648                                                                           
ALLEN                1296                                                                           
WARD               1012.5                                                                           
JONES             2409.75                                                                           
MARTIN             1012.5                                                                           
BLAKE              2308.5                                                                           
CLARK              1984.5                                                                           
SCOTT                2430                                                                           
KING                 4050                                                                           
TURNER               1215                                                                           
ADAMS                 891                                                                           
JAMES               769.5                                                                           
FORD                 2430                                                                           
MILLER               1053                                                                           

14 rows selected.

SQL> ed
Wrote file afiedt.buf

  1* select  ename ,sal+500 as sal from emp
SQL> /

ENAME             SAL                                                                               
---------- ----------                                                                               
SMITH            1300                                                                               
ALLEN            2100                                                                               
WARD             1750                                                                               
JONES            3475                                                                               
MARTIN           1750                                                                               
BLAKE            3350                                                                               
CLARK            2950                                                                               
SCOTT            3500                                                                               
KING             5500                                                                               
TURNER           2000                                                                               
ADAMS            1600                                                                               
JAMES            1450                                                                               
FORD             3500                                                                               
MILLER           1800                                                                               

14 rows selected.

SQL> select empno,ename,job,mgr,hiredate,sal*12 as annual_sal,comm,deptno from emp;

     EMPNO ENAME      JOB              MGR HIREDATE  ANNUAL_SAL       COMM     DEPTNO               
---------- ---------- --------- ---------- --------- ---------- ---------- ----------               
      7369 SMITH      CLERK           7902 17-DEC-80       9600                    20               
      7499 ALLEN      SALESMAN        7698 20-FEB-81      19200        300         30               
      7521 WARD       SALESMAN        7698 22-FEB-81      15000        500         30               
      7566 JONES      MANAGER         7839 02-APR-81      35700                    20               
      7654 MARTIN     SALESMAN        7698 28-SEP-81      15000       1400         30               
      7698 BLAKE      MANAGER         7839 01-MAY-81      34200                    30               
      7782 CLARK      MANAGER         7839 09-JUN-81      29400                    10               
      7788 SCOTT      ANALYST         7566 19-APR-87      36000                    20               
      7839 KING       PRESIDENT            17-NOV-81      60000                    10               
      7844 TURNER     SALESMAN        7698 08-SEP-81      18000          0         30               
      7876 ADAMS      CLERK           7788 23-MAY-87      13200                    20               
      7900 JAMES      CLERK           7698 03-DEC-81      11400                    30               
      7902 FORD       ANALYST         7566 03-DEC-81      36000                    20               
      7934 MILLER     CLERK           7782 23-JAN-82      15600                    10               

14 rows selected.

SQL> select distinct(sal) from emp;

       SAL                                                                                          
----------                                                                                          
      2450                                                                                          
      5000                                                                                          
      1300                                                                                          
      1250                                                                                          
      2850                                                                                          
      2975                                                                                          
      1100                                                                                          
      3000                                                                                          
       800                                                                                          
      1600                                                                                          
      1500                                                                                          
       950                                                                                          

12 rows selected.

SQL> ed
Wrote file afiedt.buf

  1* select distinct(deptno) from emp
SQL> /

    DEPTNO                                                                                          
----------                                                                                          
        30                                                                                          
        20                                                                                          
        10                                                                                          

SQL> ed
Wrote file afiedt.buf

  1* select distinct(mgr) from emp
SQL> /

       MGR                                                                                          
----------                                                                                          
      7839                                                                                          
                                                                                                    
      7782                                                                                          
      7698                                                                                          
      7902                                                                                          
      7566                                                                                          
      7788                                                                                          

7 rows selected.

SQL> select ename from emp where deptno=10;

ENAME                                                                                               
----------                                                                                          
CLARK                                                                                               
KING                                                                                                
MILLER                                                                                              

SQL> select ename,sal from emp if sal>1200;
select ename,sal from emp if sal>1200
                             *
ERROR at line 1:
ORA-00933: SQL command not properly ended 


SQL> ed
Wrote file afiedt.buf

  1* select ename,sal from emp where sal>1200
SQL> /

ENAME             SAL                                                                               
---------- ----------                                                                               
ALLEN            1600                                                                               
WARD             1250                                                                               
JONES            2975                                                                               
MARTIN           1250                                                                               
BLAKE            2850                                                                               
CLARK            2450                                                                               
SCOTT            3000                                                                               
KING             5000                                                                               
TURNER           1500                                                                               
FORD             3000                                                                               
MILLER           1300                                                                               

11 rows selected.

SQL> ed
Wrote file afiedt.buf

  1* select ename,sal from emp having sal>1200
SQL> /
select ename,sal from emp having sal>1200
                                 *
ERROR at line 1:
ORA-00979: not a GROUP BY expression 


SQL> select ename from emp where mgr=7698;

ENAME                                                                                               
----------                                                                                          
ALLEN                                                                                               
WARD                                                                                                
MARTIN                                                                                              
TURNER                                                                                              
JAMES                                                                                               

SQL> select sal*12 as annual_sal from emp where deptno=20;

ANNUAL_SAL                                                                                          
----------                                                                                          
      9600                                                                                          
     35700                                                                                          
     36000                                                                                          
     13200                                                                                          
     36000                                                                                          

SQL>  select ename,sal from emp where sal<3000;

ENAME             SAL                                                                               
---------- ----------                                                                               
SMITH             800                                                                               
ALLEN            1600                                                                               
WARD             1250                                                                               
JONES            2975                                                                               
MARTIN           1250                                                                               
BLAKE            2850                                                                               
CLARK            2450                                                                               
TURNER           1500                                                                               
ADAMS            1100                                                                               
JAMES             950                                                                               
MILLER           1300                                                                               

11 rows selected.

SQL> select ename ,mgr,deptno where mgr=7698 and deptno=30;
select ename ,mgr,deptno where mgr=7698 and deptno=30
                         *
ERROR at line 1:
ORA-00923: FROM keyword not found where expected 


SQL> ed
Wrote file afiedt.buf

  1* select ename ,mgr,deptno where mgr=7698 and deptno=30 from emp
SQL> /
select ename ,mgr,deptno where mgr=7698 and deptno=30 from emp
                         *
ERROR at line 1:
ORA-00923: FROM keyword not found where expected 


SQL> ed
Wrote file afiedt.buf

  1* select ename ,mgr,deptno  from emp where mgr=7698 and deptno=30 
SQL> /

ENAME             MGR     DEPTNO                                                                    
---------- ---------- ----------                                                                    
ALLEN            7698         30                                                                    
WARD             7698         30                                                                    
MARTIN           7698         30                                                                    
TURNER           7698         30                                                                    
JAMES            7698         30                                                                    

SQL> select ename from emp where ename like '%';

ENAME                                                                                               
----------                                                                                          
SMITH                                                                                               
ALLEN                                                                                               
WARD                                                                                                
JONES                                                                                               
MARTIN                                                                                              
BLAKE                                                                                               
CLARK                                                                                               
SCOTT                                                                                               
KING                                                                                                
TURNER                                                                                              
ADAMS                                                                                               
JAMES                                                                                               
FORD                                                                                                
MILLER                                                                                              

14 rows selected.

SQL> ed
Wrote file afiedt.buf

  1* select ename from emp where ename like %
SQL> /
select ename from emp where ename like %
                                       *
ERROR at line 1:
ORA-00911: invalid character 


SQL> ed
Wrote file afiedt.buf

  1* select ename from emp where ename like '%'
SQL> /

ENAME                                                                                               
----------                                                                                          
SMITH                                                                                               
ALLEN                                                                                               
WARD                                                                                                
JONES                                                                                               
MARTIN                                                                                              
BLAKE                                                                                               
CLARK                                                                                               
SCOTT                                                                                               
KING                                                                                                
TURNER                                                                                              
ADAMS                                                                                               
JAMES                                                                                               
FORD                                                                                                
MILLER                                                                                              

14 rows selected.

SQL> select * from emp where com is null;
select * from emp where com is null
                        *
ERROR at line 1:
ORA-00904: "COM": invalid identifier 


SQL> ed
Wrote file afiedt.buf

  1* select * from emp where comm is null
SQL> /

     EMPNO ENAME      JOB              MGR HIREDATE         SAL       COMM     DEPTNO               
---------- ---------- --------- ---------- --------- ---------- ---------- ----------               
      7369 SMITH      CLERK           7902 17-DEC-80        800                    20               
      7566 JONES      MANAGER         7839 02-APR-81       2975                    20               
      7698 BLAKE      MANAGER         7839 01-MAY-81       2850                    30               
      7782 CLARK      MANAGER         7839 09-JUN-81       2450                    10               
      7788 SCOTT      ANALYST         7566 19-APR-87       3000                    20               
      7839 KING       PRESIDENT            17-NOV-81       5000                    10               
      7876 ADAMS      CLERK           7788 23-MAY-87       1100                    20               
      7900 JAMES      CLERK           7698 03-DEC-81        950                    30               
      7902 FORD       ANALYST         7566 03-DEC-81       3000                    20               
      7934 MILLER     CLERK           7782 23-JAN-82       1300                    10               

10 rows selected.

SQL> ed
Wrote file afiedt.buf

  1* select * from emp where mgr is null
SQL> /

     EMPNO ENAME      JOB              MGR HIREDATE         SAL       COMM     DEPTNO               
---------- ---------- --------- ---------- --------- ---------- ---------- ----------               
      7839 KING       PRESIDENT            17-NOV-81       5000                    10               

SQL> select ename from emp where deptno=30;

ENAME                                                                                               
----------                                                                                          
ALLEN                                                                                               
WARD                                                                                                
MARTIN                                                                                              
BLAKE                                                                                               
TURNER                                                                                              
JAMES                                                                                               

6 rows selected.

SQL> ed
Wrote file afiedt.buf

  1* select ename from emp where deptno=30 and sal>1500
SQL> /

ENAME                                                                                               
----------                                                                                          
ALLEN                                                                                               
BLAKE                                                                                               

SQL> ed
Wrote file afiedt.buf

  1* select ename from emp having deptno=30 and sal>1500
SQL> /
select ename from emp having deptno=30 and sal>1500
                                           *
ERROR at line 1:
ORA-00979: not a GROUP BY expression 


SQL> select ename from emp where ename like 's%' or 'a%';
select ename from emp where ename like 's%' or 'a%'
                                                  *
ERROR at line 1:
ORA-00920: invalid relational operator 


SQL> ed
Wrote file afiedt.buf

  1* select ename from emp where ename like 's%' or like 'a%'
SQL> /
select ename from emp where ename like 's%' or like 'a%'
                                               *
ERROR at line 1:
ORA-00936: missing expression 


SQL> ed
Wrote file afiedt.buf

  1* select ename from emp where ename like 'a%' or like 's%'
SQL> /
select ename from emp where ename like 'a%' or like 's%'
                                               *
ERROR at line 1:
ORA-00936: missing expression 


SQL> ed
Wrote file afiedt.buf

  1* select ename from emp where ename like 'a%' or  ename like 's%'
SQL> /

no rows selected

SQL> ed
Wrote file afiedt.buf

  1* select ename from emp where ename like 'a%' 
SQL> /

no rows selected

SQL> select ename from emp;

ENAME                                                                                               
----------                                                                                          
SMITH                                                                                               
ALLEN                                                                                               
WARD                                                                                                
JONES                                                                                               
MARTIN                                                                                              
BLAKE                                                                                               
CLARK                                                                                               
SCOTT                                                                                               
KING                                                                                                
TURNER                                                                                              
ADAMS                                                                                               
JAMES                                                                                               
FORD                                                                                                
MILLER                                                                                              

14 rows selected.

SQL> select ename from emp where ename like 'a%';

no rows selected

SQL> ed
Wrote file afiedt.buf

  1* select * from emp where ename like 'a%'
SQL> /

no rows selected

SQL> ed
Wrote file afiedt.buf

  1* select * from emp where ename like 'A%'
SQL> /

     EMPNO ENAME      JOB              MGR HIREDATE         SAL       COMM     DEPTNO               
---------- ---------- --------- ---------- --------- ---------- ---------- ----------               
      7499 ALLEN      SALESMAN        7698 20-FEB-81       1600        300         30               
      7876 ADAMS      CLERK           7788 23-MAY-87       1100                    20               

SQL> ed
Wrote file afiedt.buf

  1* select * from emp where ename like 'A%' or ename like 'S%'
SQL> /

     EMPNO ENAME      JOB              MGR HIREDATE         SAL       COMM     DEPTNO               
---------- ---------- --------- ---------- --------- ---------- ---------- ----------               
      7369 SMITH      CLERK           7902 17-DEC-80        800                    20               
      7499 ALLEN      SALESMAN        7698 20-FEB-81       1600        300         30               
      7788 SCOTT      ANALYST         7566 19-APR-87       3000                    20               
      7876 ADAMS      CLERK           7788 23-MAY-87       1100                    20               

SQL> ed
Wrote file afiedt.buf

  1* select * from emp where ename like 'A%' or like 'S%'
SQL> /
select * from emp where ename like 'A%' or like 'S%'
                                           *
ERROR at line 1:
ORA-00936: missing expression 


SQL> ed
Wrote file afiedt.buf

  1* select * from emp where ename  not like 'S%'
SQL> /

     EMPNO ENAME      JOB              MGR HIREDATE         SAL       COMM     DEPTNO               
---------- ---------- --------- ---------- --------- ---------- ---------- ----------               
      7499 ALLEN      SALESMAN        7698 20-FEB-81       1600        300         30               
      7521 WARD       SALESMAN        7698 22-FEB-81       1250        500         30               
      7566 JONES      MANAGER         7839 02-APR-81       2975                    20               
      7654 MARTIN     SALESMAN        7698 28-SEP-81       1250       1400         30               
      7698 BLAKE      MANAGER         7839 01-MAY-81       2850                    30               
      7782 CLARK      MANAGER         7839 09-JUN-81       2450                    10               
      7839 KING       PRESIDENT            17-NOV-81       5000                    10               
      7844 TURNER     SALESMAN        7698 08-SEP-81       1500          0         30               
      7876 ADAMS      CLERK           7788 23-MAY-87       1100                    20               
      7900 JAMES      CLERK           7698 03-DEC-81        950                    30               
      7902 FORD       ANALYST         7566 03-DEC-81       3000                    20               
      7934 MILLER     CLERK           7782 23-JAN-82       1300                    10               

12 rows selected.

SQL> select ename from emp where deptno not in (10,20);

ENAME                                                                                               
----------                                                                                          
ALLEN                                                                                               
WARD                                                                                                
MARTIN                                                                                              
BLAKE                                                                                               
TURNER                                                                                              
JAMES                                                                                               

6 rows selected.

SQL> select ename from emp where job='salesman';

no rows selected

SQL> ed
Wrote file afiedt.buf

  1* select ename from emp where job='SALESMAN'
SQL> /

ENAME                                                                                               
----------                                                                                          
ALLEN                                                                                               
WARD                                                                                                
MARTIN                                                                                              
TURNER                                                                                              

SQL> SELECT ENAME FROM EMP WHERE DEPTNO=10 AND JOB='MANAGER';

ENAME                                                                                               
----------                                                                                          
CLARK                                                                                               

SQL> ED
Wrote file afiedt.buf

  1* SELECT ENAME FROM EMP WHERE DEPTNO=10 AND JOB='MANAGER'
SQL> 
SQL> /

ENAME                                                                                               
----------                                                                                          
CLARK                                                                                               

SQL> SELECT ENAME FROM EMP WHERE COMM IS NULL AND JOB='CLERK';

ENAME                                                                                               
----------                                                                                          
SMITH                                                                                               
ADAMS                                                                                               
JAMES                                                                                               
MILLER                                                                                              

SQL>  SELECT ENAME FROM EMP WHERE DEPTNO IN(10,30) AND JOB NOT IN ('MANAGER');

ENAME                                                                                               
----------                                                                                          
ALLEN                                                                                               
WARD                                                                                                
MARTIN                                                                                              
KING                                                                                                
TURNER                                                                                              
JAMES                                                                                               
MILLER                                                                                              

7 rows selected.

SQL> ED
Wrote file afiedt.buf

  1*  SELECT * FROM EMP WHERE DEPTNO IN(10,30) AND JOB NOT IN ('MANAGER')
SQL> /

     EMPNO ENAME      JOB              MGR HIREDATE         SAL       COMM     DEPTNO               
---------- ---------- --------- ---------- --------- ---------- ---------- ----------               
      7499 ALLEN      SALESMAN        7698 20-FEB-81       1600        300         30               
      7521 WARD       SALESMAN        7698 22-FEB-81       1250        500         30               
      7654 MARTIN     SALESMAN        7698 28-SEP-81       1250       1400         30               
      7839 KING       PRESIDENT            17-NOV-81       5000                    10               
      7844 TURNER     SALESMAN        7698 08-SEP-81       1500          0         30               
      7900 JAMES      CLERK           7698 03-DEC-81        950                    30               
      7934 MILLER     CLERK           7782 23-JAN-82       1300                    10               

7 rows selected.

SQL> SELECT ENAME FROM EMP WHERE JOB='SALESMAN' AND DEPTNO=30 AND SAL>2450;

no rows selected

SQL> SELECT * FROM EMP WHERE JOB='SALESMAN';

     EMPNO ENAME      JOB              MGR HIREDATE         SAL       COMM     DEPTNO               
---------- ---------- --------- ---------- --------- ---------- ---------- ----------               
      7499 ALLEN      SALESMAN        7698 20-FEB-81       1600        300         30               
      7521 WARD       SALESMAN        7698 22-FEB-81       1250        500         30               
      7654 MARTIN     SALESMAN        7698 28-SEP-81       1250       1400         30               
      7844 TURNER     SALESMAN        7698 08-SEP-81       1500          0         30               

SQL> SELECT ENAME FROM EMP WHERE J0B='ANALYST' AND DEPTNO=20 AND SAL>2500;
SELECT ENAME FROM EMP WHERE J0B='ANALYST' AND DEPTNO=20 AND SAL>2500
                            *
ERROR at line 1:
ORA-00904: "J0B": invalid identifier 


SQL> SELECT * FROM EMP;

     EMPNO ENAME      JOB              MGR HIREDATE         SAL       COMM     DEPTNO               
---------- ---------- --------- ---------- --------- ---------- ---------- ----------               
      7369 SMITH      CLERK           7902 17-DEC-80        800                    20               
      7499 ALLEN      SALESMAN        7698 20-FEB-81       1600        300         30               
      7521 WARD       SALESMAN        7698 22-FEB-81       1250        500         30               
      7566 JONES      MANAGER         7839 02-APR-81       2975                    20               
      7654 MARTIN     SALESMAN        7698 28-SEP-81       1250       1400         30               
      7698 BLAKE      MANAGER         7839 01-MAY-81       2850                    30               
      7782 CLARK      MANAGER         7839 09-JUN-81       2450                    10               
      7788 SCOTT      ANALYST         7566 19-APR-87       3000                    20               
      7839 KING       PRESIDENT            17-NOV-81       5000                    10               
      7844 TURNER     SALESMAN        7698 08-SEP-81       1500          0         30               
      7876 ADAMS      CLERK           7788 23-MAY-87       1100                    20               
      7900 JAMES      CLERK           7698 03-DEC-81        950                    30               
      7902 FORD       ANALYST         7566 03-DEC-81       3000                    20               
      7934 MILLER     CLERK           7782 23-JAN-82       1300                    10               

14 rows selected.

SQL> ED
Wrote file afiedt.buf

  1* SELECT * FROM EMP
SQL> ED
Wrote file afiedt.buf

  1*  SELECT ENAME FROM EMP WHERE JOB='ANALYST' AND DEPTNO=20 AND SAL>2500;
SQL> /
 SELECT ENAME FROM EMP WHERE JOB='ANALYST' AND DEPTNO=20 AND SAL>2500;
                                                                     *
ERROR at line 1:
ORA-00911: invalid character 


SQL> ED
Wrote file afiedt.buf

  1*  SELECT * FROM EMP WHERE JOB='ANALYST' AND DEPTNO=20 ;
SQL> /
 SELECT * FROM EMP WHERE JOB='ANALYST' AND DEPTNO=20 ;
                                                     *
ERROR at line 1:
ORA-00911: invalid character 


SQL> ED
Wrote file afiedt.buf

  1*  SELECT * FROM EMP WHERE DEPTNO=20 AND  AND SAL>2500 AND JOB='ANALYST' ;
SQL> /
 SELECT * FROM EMP WHERE DEPTNO=20 AND  AND SAL>2500 AND JOB='ANALYST' ;
                                        *
ERROR at line 1:
ORA-00936: missing expression 


SQL> ED
Wrote file afiedt.buf

  1*  SELECT * FROM EMP WHERE DEPTNO=20   AND SAL>2500 AND JOB='ANALYST' ;
SQL> /
 SELECT * FROM EMP WHERE DEPTNO=20   AND SAL>2500 AND JOB='ANALYST' ;
                                                                    *
ERROR at line 1:
ORA-00911: invalid character 


SQL> ED
Wrote file afiedt.buf

  1*  SELECT * FROM EMP WHERE DEPTNO=20   AND SAL>2500 AND JOB='ANALYST' 
SQL> /

     EMPNO ENAME      JOB              MGR HIREDATE         SAL       COMM     DEPTNO               
---------- ---------- --------- ---------- --------- ---------- ---------- ----------               
      7788 SCOTT      ANALYST         7566 19-APR-87       3000                    20               
      7902 FORD       ANALYST         7566 03-DEC-81       3000                    20               

SQL> INSERT INTO EMP VALUES(EMPNO=7090,NAME ='SCOTT' ,SAL=3000)
  2  ;
INSERT INTO EMP VALUES(EMPNO=7090,NAME ='SCOTT' ,SAL=3000)
                            *
ERROR at line 1:
ORA-00917: missing comma 


SQL> INSERT INTO EMP VALUES (7777,SCOTT,,,,3000,,);
INSERT INTO EMP VALUES (7777,SCOTT,,,,3000,,)
                                   *
ERROR at line 1:
ORA-00936: missing expression 


SQL> ED
Wrote file afiedt.buf

  1* INSERT INTO EMP VALUES (7777,SCOTT,NULL,NULL,NULL,3000,NULL,NULL)
SQL> /
INSERT INTO EMP VALUES (7777,SCOTT,NULL,NULL,NULL,3000,NULL,NULL)
                             *
ERROR at line 1:
ORA-00984: column not allowed here 


SQL> select sum(sal) from emp as sum;
select sum(sal) from emp as sum
                         *
ERROR at line 1:
ORA-00933: SQL command not properly ended 


SQL> select sum(sal) as sum from emp;

       SUM                                                                                          
----------                                                                                          
     29025                                                                                          

SQL> ed
Wrote file afiedt.buf

  1* select min(sal) as sum from emp
SQL> /

       SUM                                                                                          
----------                                                                                          
       800                                                                                          

SQL> ed
Wrote file afiedt.buf

  1* select max(sal) as sum from emp
SQL> /

       SUM                                                                                          
----------                                                                                          
      5000                                                                                          

SQL> ed
Wrote file afiedt.buf

  1* select avg(sal) as avg_sum from emp
SQL> /

   AVG_SUM                                                                                          
----------                                                                                          
2073.21429                                                                                          

SQL> ed
Wrote file afiedt.buf

  1* select count(sal) as count_sal from emp
SQL> /

 COUNT_SAL                                                                                          
----------                                                                                          
        14                                                                                          

SQL> select * from emp;

     EMPNO ENAME      JOB              MGR HIREDATE         SAL       COMM     DEPTNO               
---------- ---------- --------- ---------- --------- ---------- ---------- ----------               
      7369 SMITH      CLERK           7902 17-DEC-80        800                    20               
      7499 ALLEN      SALESMAN        7698 20-FEB-81       1600        300         30               
      7521 WARD       SALESMAN        7698 22-FEB-81       1250        500         30               
      7566 JONES      MANAGER         7839 02-APR-81       2975                    20               
      7654 MARTIN     SALESMAN        7698 28-SEP-81       1250       1400         30               
      7698 BLAKE      MANAGER         7839 01-MAY-81       2850                    30               
      7782 CLARK      MANAGER         7839 09-JUN-81       2450                    10               
      7788 SCOTT      ANALYST         7566 19-APR-87       3000                    20               
      7839 KING       PRESIDENT            17-NOV-81       5000                    10               
      7844 TURNER     SALESMAN        7698 08-SEP-81       1500          0         30               
      7876 ADAMS      CLERK           7788 23-MAY-87       1100                    20               
      7900 JAMES      CLERK           7698 03-DEC-81        950                    30               
      7902 FORD       ANALYST         7566 03-DEC-81       3000                    20               
      7934 MILLER     CLERK           7782 23-JAN-82       1300                    10               

14 rows selected.

SQL> select sum(mgr) from emp;

  SUM(MGR)                                                                                          
----------                                                                                          
    100611                                                                                          

SQL> select 100611/14 from dual;

 100611/14                                                                                          
----------                                                                                          
    7186.5                                                                                          

SQL> select avg(mgr) from emp;

  AVG(MGR)                                                                                          
----------                                                                                          
7739.30769                                                                                          

SQL> select (sum(min(sal)) from emp;
select (sum(min(sal)) from emp
                      *
ERROR at line 1:
ORA-00907: missing right parenthesis 


SQL> select sum(sal),sal from emp;
select sum(sal),sal from emp
                *
ERROR at line 1:
ORA-00937: not a single-group group function 


SQL> select sum(sal),max(sal),min(sal) from emp;

  SUM(SAL)   MAX(SAL)   MIN(SAL)                                                                    
---------- ---------- ----------                                                                    
     29025       5000        800                                                                    

SQL> select sum(sal,comm) from emp;
select sum(sal,comm) from emp
       *
ERROR at line 1:
ORA-00909: invalid number of arguments 


SQL> select 10+20,10*10,from dual groupby(10+20);
select 10+20,10*10,from dual groupby(10+20)
                   *
ERROR at line 1:
ORA-00936: missing expression 


SQL> ed
Wrote file afiedt.buf

  1* select 10+20,10*10 from dual groupby(10+20)
SQL> /
select 10+20,10*10 from dual groupby(10+20)
                                    *
ERROR at line 1:
ORA-00933: SQL command not properly ended 


SQL> ed
Wrote file afiedt.buf

  1* select 10+20,10*10 from dual groupby(+)
SQL> /
select 10+20,10*10 from dual groupby(+)
                                    *
ERROR at line 1:
ORA-00933: SQL command not properly ended 


SQL> select sal from emp group by job;
select sal from emp group by job
       *
ERROR at line 1:
ORA-00979: not a GROUP BY expression 


SQL> select job from emp group by job;

JOB                                                                                                 
---------                                                                                           
CLERK                                                                                               
SALESMAN                                                                                            
PRESIDENT                                                                                           
MANAGER                                                                                             
ANALYST                                                                                             

SQL> ed
Wrote file afiedt.buf

  1* select job from emp group by job having count(job)>3
SQL> /

JOB                                                                                                 
---------                                                                                           
CLERK                                                                                               
SALESMAN                                                                                            

SQL> ed
Wrote file afiedt.buf

  1* select job from emp group by job having count(sal)>1
SQL> /

JOB                                                                                                 
---------                                                                                           
CLERK                                                                                               
SALESMAN                                                                                            
MANAGER                                                                                             
ANALYST                                                                                             

SQL> select deptno,sum(sal) from emp;
select deptno,sum(sal) from emp
       *
ERROR at line 1:
ORA-00937: not a single-group group function 


SQL> ed
Wrote file afiedt.buf

  1* select deptno,sum(sal) from emp group by deptno
SQL> /

    DEPTNO   SUM(SAL)                                                                               
---------- ----------                                                                               
        30       9400                                                                               
        20      10875                                                                               
        10       8750                                                                               

SQL> ed
Wrote file afiedt.buf

  1* select deptno,max(sal) from emp group by deptno
SQL> /

    DEPTNO   MAX(SAL)                                                                               
---------- ----------                                                                               
        30       2850                                                                               
        20       3000                                                                               
        10       5000                                                                               

SQL> exit
